[    0.000000] Initializing cgroup subsys cpuset
[    0.000000] Initializing cgroup subsys cpu
[    0.000000] Initializing cgroup subsys cpuacct
[    0.000000] Linux version 4.4.0-135-generic (buildd@lcy01-amd64-020) (gcc version 5.4.0 20160609 (Ubuntu 5.4.0-6ubuntu1~16.04.10) ) #161-Ubuntu SMP Mon Aug 27 10:45:01 UTC 2018 (Ubuntu 4.4.0-135.161-generic 4.4.140)
[    0.000000] Command line: BOOT_IMAGE=/boot/vmlinuz-4.4.0-135-generic root=LABEL=cloudimg-rootfs ro console=tty1 console=ttyS0
[    0.000000] KERNEL supported cpus:
[    0.000000]   Intel GenuineIntel
[    0.000000]   AMD AuthenticAMD
[    0.000000]   Centaur CentaurHauls
[    0.000000] x86/fpu: xstate_offset[2]:  576, xstate_sizes[2]:  256
[    0.000000] x86/fpu: Supporting XSAVE feature 0x01: 'x87 floating point registers'
[    0.000000] x86/fpu: Supporting XSAVE feature 0x02: 'SSE registers'
[    0.000000] x86/fpu: Supporting XSAVE feature 0x04: 'AVX registers'
[    0.000000] x86/fpu: Enabled xstate features 0x7, context size is 832 bytes, using 'standard' format.
[    0.000000] e820: BIOS-provided physical RAM map:
[    0.000000] BIOS-e820: [mem 0x0000000000000000-0x000000000009fbff] usable
[    0.000000] BIOS-e820: [mem 0x000000000009fc00-0x000000000009ffff] reserved
[    0.000000] BIOS-e820: [mem 0x00000000000f0000-0x00000000000fffff] reserved
[    0.000000] BIOS-e820: [mem 0x0000000000100000-0x000000003ffeffff] usable
[    0.000000] BIOS-e820: [mem 0x000000003fff0000-0x000000003fffffff] ACPI data
[    0.000000] BIOS-e820: [mem 0x00000000fec00000-0x00000000fec00fff] reserved
[    0.000000] BIOS-e820: [mem 0x00000000fee00000-0x00000000fee00fff] reserved
[    0.000000] BIOS-e820: [mem 0x00000000fffc0000-0x00000000ffffffff] reserved
[    0.000000] NX (Execute Disable) protection: active
[    0.000000] SMBIOS 2.5 present.
[    0.000000] Hypervisor detected: KVM
[    0.000000] e820: last_pfn = 0x3fff0 max_arch_pfn = 0x400000000
[    0.000000] MTRR: Disabled
[    0.000000] x86/PAT: MTRRs disabled, skipping PAT initialization too.
[    0.000000] CPU MTRRs all blank - virtualized system.
[    0.000000] x86/PAT: Configuration [0-7]: WB  WT  UC- UC  WB  WT  UC- UC  
[    0.000000] found SMP MP-table at [mem 0x0009fff0-0x0009ffff] mapped at [ffff88000009fff0]
[    0.000000] Scanning 1 areas for low memory corruption
[    0.000000] RAMDISK: [mem 0x3630a000-0x3717cfff]
[    0.000000] ACPI: Early table checksum verification disabled
[    0.000000] ACPI: RSDP 0x00000000000E0000 000024 (v02 VBOX  )
[    0.000000] ACPI: XSDT 0x000000003FFF0030 00003C (v01 VBOX   VBOXXSDT 00000001 ASL  00000061)
[    0.000000] ACPI: FACP 0x000000003FFF00F0 0000F4 (v04 VBOX   VBOXFACP 00000001 ASL  00000061)
[    0.000000] ACPI: DSDT 0x000000003FFF0470 0021FF (v02 VBOX   VBOXBIOS 00000002 INTL 20100528)
[    0.000000] ACPI: FACS 0x000000003FFF0200 000040
[    0.000000] ACPI: FACS 0x000000003FFF0200 000040
[    0.000000] ACPI: APIC 0x000000003FFF0240 00005C (v02 VBOX   VBOXAPIC 00000001 ASL  00000061)
[    0.000000] ACPI: SSDT 0x000000003FFF02A0 0001CC (v01 VBOX   VBOXCPUT 00000002 INTL 20100528)
[    0.000000] No NUMA configuration found
[    0.000000] Faking a node at [mem 0x0000000000000000-0x000000003ffeffff]
[    0.000000] NODE_DATA(0) allocated [mem 0x3ffeb000-0x3ffeffff]
[    0.000000] kvm-clock: Using msrs 4b564d01 and 4b564d00
[    0.000000] kvm-clock: cpu 0, msr 0:3ffe3001, primary cpu clock
[    0.000000] kvm-clock: using sched offset of 4237826501 cycles
[    0.000000] clocksource: kvm-clock: mask: 0xffffffffffffffff max_cycles: 0x1cd42e4dffb, max_idle_ns: 881590591483 ns
[    0.000000] Zone ranges:
[    0.000000]   DMA      [mem 0x0000000000001000-0x0000000000ffffff]
[    0.000000]   DMA32    [mem 0x0000000001000000-0x000000003ffeffff]
[    0.000000]   Normal   empty
[    0.000000]   Device   empty
[    0.000000] Movable zone start for each node
[    0.000000] Early memory node ranges
[    0.000000]   node   0: [mem 0x0000000000001000-0x000000000009efff]
[    0.000000]   node   0: [mem 0x0000000000100000-0x000000003ffeffff]
[    0.000000] Initmem setup node 0 [mem 0x0000000000001000-0x000000003ffeffff]
[    0.000000] ACPI: PM-Timer IO Port: 0x4008
[    0.000000] IOAPIC[0]: apic_id 2, version 32, address 0xfec00000, GSI 0-23
[    0.000000] ACPI: INT_SRC_OVR (bus 0 bus_irq 0 global_irq 2 dfl dfl)
[    0.000000] ACPI: INT_SRC_OVR (bus 0 bus_irq 9 global_irq 9 low level)
[    0.000000] Using ACPI (MADT) for SMP configuration information
[    0.000000] smpboot: Allowing 2 CPUs, 0 hotplug CPUs
[    0.000000] PM: Registered nosave memory: [mem 0x00000000-0x00000fff]
[    0.000000] PM: Registered nosave memory: [mem 0x0009f000-0x0009ffff]
[    0.000000] PM: Registered nosave memory: [mem 0x000a0000-0x000effff]
[    0.000000] PM: Registered nosave memory: [mem 0x000f0000-0x000fffff]
[    0.000000] e820: [mem 0x40000000-0xfebfffff] available for PCI devices
[    0.000000] Booting paravirtualized kernel on KVM
[    0.000000] clocksource: refined-jiffies: mask: 0xffffffff max_cycles: 0xffffffff, max_idle_ns: 7645519600211568 ns
[    0.000000] setup_percpu: NR_CPUS:512 nr_cpumask_bits:512 nr_cpu_ids:2 nr_node_ids:1
[    0.000000] PERCPU: Embedded 34 pages/cpu @ffff88003fc00000 s99544 r8192 d31528 u1048576
[    0.000000] PV qspinlock hash table entries: 256 (order: 0, 4096 bytes)
[    0.000000] Built 1 zonelists in Node order, mobility grouping on.  Total pages: 257912
[    0.000000] Policy zone: DMA32
[    0.000000] Kernel command line: BOOT_IMAGE=/boot/vmlinuz-4.4.0-135-generic root=LABEL=cloudimg-rootfs ro console=tty1 console=ttyS0
[    0.000000] PID hash table entries: 4096 (order: 3, 32768 bytes)
[    0.000000] Memory: 997720K/1048120K available (8554K kernel code, 1314K rwdata, 4004K rodata, 1516K init, 1316K bss, 50400K reserved, 0K cma-reserved)
[    0.000000] SLUB: HWalign=64, Order=0-3, MinObjects=0, CPUs=2, Nodes=1
[    0.000000] Kernel/User page tables isolation: enabled
[    0.000000] Hierarchical RCU implementation.
[    0.000000] 	Build-time adjustment of leaf fanout to 64.
[    0.000000] 	RCU restricting CPUs from NR_CPUS=512 to nr_cpu_ids=2.
[    0.000000] RCU: Adjusting geometry for rcu_fanout_leaf=64, nr_cpu_ids=2
[    0.000000] NR_IRQS:33024 nr_irqs:440 16
[    0.000000] Console: colour VGA+ 80x25
[    0.000000] console [tty1] enabled
[    0.000000] console [ttyS0] enabled
[    0.000000] tsc: Detected 3599.996 MHz processor
[    0.327126] Calibrating delay loop (skipped) preset value.. 7199.99 BogoMIPS (lpj=14399984)
[    0.331329] pid_max: default: 32768 minimum: 301
[    0.333682] ACPI: Core revision 20150930
[    0.337099] ACPI: 2 ACPI AML tables successfully acquired and loaded
[    0.340298] Security Framework initialized
[    0.342348] Yama: becoming mindful.
[    0.344191] AppArmor: AppArmor initialized
[    0.346340] Dentry cache hash table entries: 131072 (order: 8, 1048576 bytes)
[    0.357696] Inode-cache hash table entries: 65536 (order: 7, 524288 bytes)
[    0.360797] Mount-cache hash table entries: 2048 (order: 2, 16384 bytes)
[    0.363835] Mountpoint-cache hash table entries: 2048 (order: 2, 16384 bytes)
[    0.367162] Initializing cgroup subsys io
[    0.369177] Initializing cgroup subsys memory
[    0.371335] Initializing cgroup subsys devices
[    0.373477] Initializing cgroup subsys freezer
[    0.375688] Initializing cgroup subsys net_cls
[    0.377912] Initializing cgroup subsys perf_event
[    0.380166] Initializing cgroup subsys net_prio
[    0.382404] Initializing cgroup subsys hugetlb
[    0.384614] Initializing cgroup subsys pids
[    0.387682] mce: CPU supports 0 MCE banks
[    0.389769] Last level iTLB entries: 4KB 128, 2MB 8, 4MB 8
[    0.392292] Last level dTLB entries: 4KB 64, 2MB 0, 4MB 0, 1GB 4
[    0.395094] Spectre V2 : Mitigation: Full generic retpoline
[    0.397706] Spectre V2 : Speculation control IBPB not-supported IBRS not-supported
[    0.400986] Spectre V2 : Filling RSB on context switch
[    0.404018] Speculative Store Bypass: Vulnerable
[    0.413493] Freeing SMP alternatives memory: 32K
[    0.437446] ftrace: allocating 32266 entries in 127 pages
[    0.559067] smpboot: APIC(0) Converting physical 0 to logical package 0
[    0.562067] smpboot: Max logical packages: 1
[    0.564704] x2apic enabled
[    0.566728] Switched APIC routing to physical x2apic.
[    0.571231] ..TIMER: vector=0x30 apic1=0 pin1=2 apic2=-1 pin2=-1
[    0.677830] smpboot: CPU0: Intel(R) Core(TM) i5-8600K CPU @ 3.60GHz (family: 0x6, model: 0x9e, stepping: 0xa)
[    0.682896] Performance Events: unsupported p6 CPU model 158 no PMU driver, software events only.
[    0.687409] KVM setup paravirtual spinlock
[    0.689897] x86: Booting SMP configuration:
[    0.691988] .... node  #0, CPUs:      #1
[    0.694230] kvm-clock: cpu 1, msr 0:3ffe3041, secondary cpu clock
[    0.697381] mce: CPU supports 0 MCE banks
[    0.700760] x86: Booted up 1 node, 2 CPUs
[    0.703205] smpboot: Total of 2 processors activated (14399.98 BogoMIPS)
[    0.706678] devtmpfs: initialized
[    0.709527] evm: security.selinux
[    0.711319] evm: security.SMACK64
[    0.713075] evm: security.SMACK64EXEC
[    0.715007] evm: security.SMACK64TRANSMUTE
[    0.717045] evm: security.SMACK64MMAP
[    0.718957] evm: security.ima
[    0.720572] evm: security.capability
[    0.722656] clocksource: jiffies: mask: 0xffffffff max_cycles: 0xffffffff, max_idle_ns: 7645041785100000 ns
[    0.727168] futex hash table entries: 512 (order: 3, 32768 bytes)
[    0.730084] pinctrl core: initialized pinctrl subsystem
[    0.732639] RTC time: 16:08:57, date: 09/11/18
[    0.735023] NET: Registered protocol family 16
[    0.747002] cpuidle: using governor ladder
[    0.760670] cpuidle: using governor menu
[    0.762724] PCCT header not found.
[    0.764591] ACPI: bus type PCI registered
[    0.766757] acpiphp: ACPI Hot Plug PCI Controller Driver version: 0.5
[    0.769855] PCI: Using configuration type 1 for base access
[    0.782826] ACPI: Added _OSI(Module Device)
[    0.784896] ACPI: Added _OSI(Processor Device)
[    0.787162] ACPI: Added _OSI(3.0 _SCP Extensions)
[    0.789408] ACPI: Added _OSI(Processor Aggregator Device)
[    0.792922] ACPI: Executed 1 blocks of module-level executable AML code
[    0.798281] ACPI: Interpreter enabled
[    0.800161] ACPI: (supports S0 S5)
[    0.801978] ACPI: Using IOAPIC for interrupt routing
[    0.804547] PCI: Using host bridge windows from ACPI; if necessary, use "pci=nocrs" and report a bug
[    0.813363] ACPI: PCI Root Bridge [PCI0] (domain 0000 [bus 00-ff])
[    0.816191] acpi PNP0A03:00: _OSC: OS supports [ASPM ClockPM Segments MSI]
[    0.819321] acpi PNP0A03:00: _OSC: not requesting OS control; OS requires [ExtendedConfig ASPM ClockPM MSI]
[    0.823837] acpi PNP0A03:00: fail to add MMCONFIG information, can't access extended PCI configuration space under this bridge.
[    0.829592] PCI host bridge to bus 0000:00
[    0.831653] pci_bus 0000:00: root bus resource [io  0x0000-0x0cf7 window]
[    0.834731] pci_bus 0000:00: root bus resource [io  0x0d00-0xffff window]
[    0.837727] pci_bus 0000:00: root bus resource [mem 0x000a0000-0x000bffff window]
[    0.841414] pci_bus 0000:00: root bus resource [mem 0x40000000-0xfdffffff window]
[    0.845081] pci_bus 0000:00: root bus resource [bus 00-ff]
[    0.852557] pci 0000:00:01.1: legacy IDE quirk: reg 0x10: [io  0x01f0-0x01f7]
[    0.855753] pci 0000:00:01.1: legacy IDE quirk: reg 0x14: [io  0x03f6]
[    0.858707] pci 0000:00:01.1: legacy IDE quirk: reg 0x18: [io  0x0170-0x0177]
[    0.861874] pci 0000:00:01.1: legacy IDE quirk: reg 0x1c: [io  0x0376]
[    0.880477] pci 0000:00:07.0: quirk: [io  0x4000-0x403f] claimed by PIIX4 ACPI
[    0.902432] pci 0000:00:07.0: quirk: [io  0x4100-0x410f] claimed by PIIX4 SMB
[    0.915253] ACPI: PCI Interrupt Link [LNKA] (IRQs 5 9 10 *11)
[    0.919253] ACPI: PCI Interrupt Link [LNKB] (IRQs 5 9 *10 11)
[    0.923125] ACPI: PCI Interrupt Link [LNKC] (IRQs 5 *9 10 11)
[    0.926935] ACPI: PCI Interrupt Link [LNKD] (IRQs 5 9 10 *11)
[    0.930899] ACPI: Enabled 2 GPEs in block 00 to 07
[    0.933842] vgaarb: setting as boot device: PCI:0000:00:02.0
[    0.936430] vgaarb: device added: PCI:0000:00:02.0,decodes=io+mem,owns=io+mem,locks=none
[    0.940340] vgaarb: loaded
[    0.941882] vgaarb: bridge control possible 0000:00:02.0
[    0.944549] SCSI subsystem initialized
[    0.946604] ACPI: bus type USB registered
[    0.948636] usbcore: registered new interface driver usbfs
[    0.951215] usbcore: registered new interface driver hub
[    0.953761] usbcore: registered new device driver usb
[    0.964037] PCI: Using ACPI for IRQ routing
[    0.966966] NetLabel: Initializing
[    0.968740] NetLabel:  domain hash size = 128
[    0.970918] NetLabel:  protocols = UNLABELED CIPSOv4
[    0.973262] NetLabel:  unlabeled traffic allowed by default
[    0.976007] amd_nb: Cannot enumerate AMD northbridges
[    0.978476] clocksource: Switched to clocksource kvm-clock
[    1.001515] AppArmor: AppArmor Filesystem Enabled
[    1.003879] pnp: PnP ACPI init
[    1.006863] pnp: PnP ACPI: found 3 devices
[    1.019852] clocksource: acpi_pm: mask: 0xffffff max_cycles: 0xffffff, max_idle_ns: 2085701024 ns
[    1.024066] NET: Registered protocol family 2
[    1.026323] TCP established hash table entries: 8192 (order: 4, 65536 bytes)
[    1.029550] TCP bind hash table entries: 8192 (order: 5, 131072 bytes)
[    1.032519] TCP: Hash tables configured (established 8192 bind 8192)
[    1.035417] UDP hash table entries: 512 (order: 2, 16384 bytes)
[    1.038142] UDP-Lite hash table entries: 512 (order: 2, 16384 bytes)
[    1.041053] NET: Registered protocol family 1
[    1.043248] pci 0000:00:00.0: Limiting direct PCI/PCI transfers
[    1.046012] pci 0000:00:01.0: Activating ISA DMA hang workarounds
[    1.049179] Unpacking initramfs...
[    1.368588] Freeing initrd memory: 14796K
[    1.370817] platform rtc_cmos: registered platform RTC device (no PNP device found)
[    1.374589] Scanning for low memory corruption every 60 seconds
[    1.377672] audit: initializing netlink subsys (disabled)
[    1.380222] audit: type=2000 audit(1536682143.744:1): initialized
[    1.383146] Initialise system trusted keyring
[    1.385535] HugeTLB registered 2 MB page size, pre-allocated 0 pages
[    1.389410] zbud: loaded
[    1.396912] VFS: Disk quotas dquot_6.6.0
[    1.398990] VFS: Dquot-cache hash table entries: 512 (order 0, 4096 bytes)
[    1.402196] squashfs: version 4.0 (2009/01/31) Phillip Lougher
[    1.405183] fuse init (API version 7.23)
[    1.407298] Key type big_key registered
[    1.409242] Allocating IMA MOK and blacklist keyrings.
[    1.413751] Key type asymmetric registered
[    1.415917] Asymmetric key parser 'x509' registered
[    1.418371] Block layer SCSI generic (bsg) driver version 0.4 loaded (major 249)
[    1.422104] io scheduler noop registered
[    1.424106] io scheduler deadline registered (default)
[    1.426550] io scheduler cfq registered
[    1.428602] pci_hotplug: PCI Hot Plug PCI Core version: 0.5
[    1.431193] pciehp: PCI Express Hot Plug Controller Driver version: 0.4
[    1.434264] ACPI: AC Adapter [AC] (on-line)
[    1.436389] input: Power Button as /devices/LNXSYSTM:00/LNXPWRBN:00/input/input0
[    1.440080] ACPI: Power Button [PWRF]
[    1.442051] input: Sleep Button as /devices/LNXSYSTM:00/LNXSLPBN:00/input/input1
[    1.445707] ACPI: Sleep Button [SLPF]
[    1.447890] GHES: HEST is not enabled!
[    1.449903] Serial: 8250/16550 driver, 32 ports, IRQ sharing enabled
[    1.485899] 00:02: ttyS0 at I/O 0x3f8 (irq = 4, base_baud = 115200) is a 16550A
[    1.492675] Linux agpgart interface v0.103
[    1.496752] loop: module loaded
[    1.499177] scsi host0: ata_piix
[    1.501045] scsi host1: ata_piix
[    1.502807] ata1: PATA max UDMA/33 cmd 0x1f0 ctl 0x3f6 bmdma 0xd000 irq 14
[    1.505856] ata2: PATA max UDMA/33 cmd 0x170 ctl 0x376 bmdma 0xd008 irq 15
[    1.509034] libphy: Fixed MDIO Bus: probed
[    1.511127] tun: Universal TUN/TAP device driver, 1.6
[    1.513557] tun: (C) 1999-2004 Max Krasnyansky <maxk@qualcomm.com>
[    1.516463] PPP generic driver version 2.4.2
[    1.518708] ehci_hcd: USB 2.0 'Enhanced' Host Controller (EHCI) Driver
[    1.521663] ehci-pci: EHCI PCI platform driver
[    1.523855] ehci-platform: EHCI generic platform driver
[    1.526313] ohci_hcd: USB 1.1 'Open' Host Controller (OHCI) Driver
[    1.529149] ohci-pci: OHCI PCI platform driver
[    1.531334] ohci-platform: OHCI generic platform driver
[    1.533794] uhci_hcd: USB Universal Host Controller Interface driver
[    1.536705] i8042: PNP: PS/2 Controller [PNP0303:PS2K,PNP0f03:PS2M] at 0x60,0x64 irq 1,12
[    1.541343] serio: i8042 KBD port at 0x60,0x64 irq 1
[    1.543736] serio: i8042 AUX port at 0x60,0x64 irq 12
[    1.546317] mousedev: PS/2 mouse device common for all mice
[    1.549394] input: AT Translated Set 2 keyboard as /devices/platform/i8042/serio0/input/input2
[    1.554177] rtc_cmos rtc_cmos: rtc core: registered rtc_cmos as rtc0
[    1.557144] rtc_cmos rtc_cmos: alarms up to one day, 114 bytes nvram
[    1.560045] i2c /dev entries driver
[    1.561873] device-mapper: uevent: version 1.0.3
[    1.564285] device-mapper: ioctl: 4.34.0-ioctl (2015-10-28) initialised: dm-devel@redhat.com
[    1.568312] ledtrig-cpu: registered to indicate activity on CPUs
[    1.571643] NET: Registered protocol family 10
[    1.573959] NET: Registered protocol family 17
[    1.576159] Key type dns_resolver registered
[    1.578893] registered taskstats version 1
[    1.580942] Loading compiled-in X.509 certificates
[    1.583616] Loaded X.509 cert 'Build time autogenerated kernel key: b7189ebc996fd79c52efc1226b6676b25e4f6a2d'
[    1.588209] zswap: loaded using pool lzo/zbud
[    1.591823] Key type trusted registered
[    1.596437] Key type encrypted registered
[    1.598430] AppArmor: AppArmor sha1 policy hashing enabled
[    1.601023] ima: No TPM chip found, activating TPM-bypass!
[    1.603589] ima: Allocated hash algorithm: sha1
[    1.605773] evm: HMAC attrs: 0x1
[    1.610147]   Magic number: 2:606:135
[    1.612187] rtc_cmos rtc_cmos: setting system clock to 2018-09-11 16:08:58 UTC (1536682138)
[    1.616314] BIOS EDD facility v0.16 2004-Jun-25, 0 devices found
[    1.619107] EDD information not available.
[    1.668077] Freeing unused kernel memory: 1516K
[    1.670301] Write protecting the kernel read-only data: 14336k
[    1.673386] Freeing unused kernel memory: 1672K
[    1.675822] Freeing unused kernel memory: 92K
Loading, please wait...
starting version 229
[    1.688522] random: systemd-udevd: uninitialized urandom read (16 bytes read, 3 bits of entropy available)
[    1.688954] random: udevadm: uninitialized urandom read (16 bytes read, 3 bits of entropy available)
[    1.688967] random: udevadm: uninitialized urandom read (16 bytes read, 3 bits of entropy available)
[    1.694615] random: udevadm: uninitialized urandom read (16 bytes read, 3 bits of entropy available)
[    1.694642] random: udevadm: uninitialized urandom read (16 bytes read, 3 bits of entropy available)
[    1.694767] random: udevadm: uninitialized urandom read (16 bytes read, 3 bits of entropy available)
[    1.694802] random: udevadm: uninitialized urandom read (16 bytes read, 3 bits of entropy available)
[    1.694834] random: udevadm: uninitialized urandom read (16 bytes read, 3 bits of entropy available)
[    1.694868] random: udevadm: uninitialized urandom read (16 bytes read, 3 bits of entropy available)
[    1.694899] random: udevadm: uninitialized urandom read (16 bytes read, 3 bits of entropy available)
[    1.752338] e1000: Intel(R) PRO/1000 Network Driver - version 7.3.21-k8-NAPI
[    1.755616] e1000: Copyright (c) 1999-2006 Intel Corporation.
[    1.762113] Fusion MPT base driver 3.04.20
[    1.764214] Copyright (c) 1999-2008 LSI Corporation
[    1.774207] AVX2 version of gcm_enc/dec engaged.
[    1.776524] AES CTR mode by8 optimization enabled
[    1.779518] Fusion MPT SPI Host driver 3.04.20
[    1.977952] input: ImExPS/2 Generic Explorer Mouse as /devices/platform/i8042/serio1/input/input4
[    2.249428] e1000 0000:00:03.0 eth0: (PCI:33MHz:32-bit) 02:48:e1:e3:74:ed
[    2.252484] e1000 0000:00:03.0 eth0: Intel(R) PRO/1000 Network Connection
[    2.256323] mptbase: ioc0: Initiating bringup
[    2.716632] tsc: Refined TSC clocksource calibration: 3598.418 MHz
[    2.719469] clocksource: tsc: mask: 0xffffffffffffffff max_cycles: 0x33de7cae27f, max_idle_ns: 440795311225 ns
[    2.755931] ioc0: LSI53C1030 A0: Capabilities={Initiator}
[    4.380957] scsi host2: ioc0: LSI53C1030 A0, FwRev=00000000h, Ports=1, MaxQ=256, IRQ=20
[    4.691336] scsi 2:0:0:0: Direct-Access     VBOX     HARDDISK         1.0  PQ: 0 ANSI: 5
[    4.695284] scsi target2:0:0: Beginning Domain Validation
[    4.699976] scsi target2:0:0: Domain Validation skipping write tests
[    4.702819] scsi target2:0:0: Ending Domain Validation
[    4.705245] scsi target2:0:0: asynchronous
[    4.707733] scsi 2:0:1:0: Direct-Access     VBOX     HARDDISK         1.0  PQ: 0 ANSI: 5
[    4.711608] scsi target2:0:1: Beginning Domain Validation
[    4.715313] scsi target2:0:1: Domain Validation skipping write tests
[    4.718154] scsi target2:0:1: Ending Domain Validation
[    4.720671] scsi target2:0:1: asynchronous
[    4.743239] sd 2:0:0:0: Attached scsi generic sg0 type 0
[    4.745967] sd 2:0:0:0: [sda] 20971520 512-byte logical blocks: (10.7 GB/10.0 GiB)
[    4.769223] sd 2:0:1:0: [sdb] 20480 512-byte logical blocks: (10.5 MB/10.0 MiB)
[    4.773046] sd 2:0:1:0: Attached scsi generic sg1 type 0
[    4.776073] sd 2:0:1:0: [sdb] Write Protect is off
[    4.778615] sd 2:0:0:0: [sda] Write Protect is off
[    4.781003] sd 2:0:1:0: [sdb] Incomplete mode parameter data
[    4.783796] sd 2:0:1:0: [sdb] Assuming drive cache: write through
[    4.787101] sd 2:0:0:0: [sda] Incomplete mode parameter data
[    4.789868] sd 2:0:0:0: [sda] Assuming drive cache: write through
[    4.794230]  sda: sda1
[    4.796722] sd 2:0:1:0: [sdb] Attached SCSI disk
[    4.799199] sd 2:0:0:0: [sda] Attached SCSI disk
[    5.379324] e1000 0000:00:08.0 eth1: (PCI:33MHz:32-bit) 08:00:27:61:76:d1
[    5.382351] e1000 0000:00:08.0 eth1: Intel(R) PRO/1000 Network Connection
[    5.386378] e1000 0000:00:08.0 enp0s8: renamed from eth1
[    5.403441] e1000 0000:00:03.0 enp0s3: renamed from eth0
Begin: Loading essential drivers ... [    6.966464] md: linear personality registered for level -1
[    6.970826] md: multipath personality registered for level -4
[    6.975347] md: raid0 personality registered for level 0
[    6.980207] md: raid1 personality registered for level 1
[    7.050529] raid6: sse2x1   gen() 16222 MB/s
[    7.118867] raid6: sse2x1   xor() 12297 MB/s
[    7.186522] raid6: sse2x2   gen() 20372 MB/s
[    7.254522] raid6: sse2x2   xor() 13973 MB/s
[    7.322830] raid6: sse2x4   gen() 23447 MB/s
[    7.390521] raid6: sse2x4   xor() 14572 MB/s
[    7.458550] raid6: avx2x1   gen() 32759 MB/s
[    7.526817] raid6: avx2x2   gen() 38475 MB/s
[    7.594524] raid6: avx2x4   gen() 42195 MB/s
[    7.596635] raid6: using algorithm avx2x4 gen() 42195 MB/s
[    7.599153] raid6: using avx2x2 recovery algorithm
[    7.602566] xor: automatically using best checksumming function:
[    7.642497]    avx       : 32848.000 MB/sec
[    7.645474] async_tx: api initialized (async)
[    7.653639] md: raid6 personality registered for level 6
[    7.656165] md: raid5 personality registered for level 5
[    7.658655] md: raid4 personality registered for level 4
[    7.664730] md: raid10 personality registered for level 10
done.
Begin: Running /scripts/init-premount ... done.
Begin: Mounting root file system ... Begin: Running /scripts/local-top ... done.
Begin: Running /scripts/local-premount ... [    7.695586] Btrfs loaded
Scanning for Btrfs filesystems
done.
Warning: fsck not present, so skipping root file system
[    7.723168] EXT4-fs (sda1): mounted filesystem with ordered data mode. Opts: (null)
done.
Begin: Running /scripts/local-bottom ... done.
Begin: Running /scripts/init-bottom ... done.
[    7.829597] systemd[1]: systemd 229 running in system mode. (+PAM +AUDIT +SELINUX +IMA +APPARMOR +SMACK +SYSVINIT +UTMP +LIBCRYPTSETUP +GCRYPT +GNUTLS +ACL +XZ -LZ4 +SECCOMP +BLKID +ELFUTILS +KMOD -IDN)
[    7.837670] systemd[1]: Detected virtualization oracle.
[    7.840144] systemd[1]: Detected architecture x86-64.

Welcome to [1mUbuntu 16.04.5 LTS[0m!

[    7.847811] systemd[1]: Set hostname to <ubuntu>.
[    7.853282] systemd[1]: Initializing machine ID from random generator.
[    7.856299] systemd[1]: Installed transient /etc/machine-id file.
[    7.974334] systemd[1]: Created slice User and Session Slice.
[[0;32m  OK  [0m] Created slice User and Session Slice.
[    7.979835] systemd[1]: Created slice System Slice.
[[0;32m  OK  [0m] Created slice System Slice.
[    7.984600] systemd[1]: Listening on udev Control Socket.
[[0;32m  OK  [0m] Listening on udev Control Socket.
[    7.989629] systemd[1]: Listening on Syslog Socket.
[[0;32m  OK  [0m] Listening on Syslog Socket.
[    7.994307] systemd[1]: Listening on LVM2 poll daemon socket.
[[0;32m  OK  [0m] Listening on LVM2 poll daemon socket.
[    7.999662] systemd[1]: Listening on /dev/initctl Compatibility Named Pipe.
[[0;32m  OK  [0m] Listening on /dev/initctl Compatibility Named Pipe.
[    8.005751] systemd[1]: Listening on Journal Socket (/dev/log).
[[0;32m  OK  [0m] Listening on Journal Socket (/dev/log).
[    8.011184] systemd[1]: Reached target Slices.
[[0;32m  OK  [0m] Reached target Slices.
[    8.015612] systemd[1]: Started Trigger resolvconf update for networkd DNS.
[[0;32m  OK  [0m] Started Trigger resolvconf update for networkd DNS.
[    8.021778] systemd[1]: Set up automount Arbitrary Executable File Formats File System Automount Point.
[[0;32m  OK  [0m] Set up automount Arbitrary Executab...ats File System Automount Point.
[    8.029771] systemd[1]: Started Forward Password Requests to Wall Directory Watch.
[[0;32m  OK  [0m] Started Forward Password Requests to Wall Directory Watch.
[    8.036806] systemd[1]: Listening on Journal Socket.
[[0;32m  OK  [0m] Listening on Journal Socket.
[    8.055390] systemd[1]: Starting Set console keymap...
         Starting Set console keymap...
[    8.060920] systemd[1]: Starting Nameserver information manager...
         Starting Nameserver information manager...
[    8.067698] systemd[1]: Starting Create list of required static device nodes for the current kernel...
         Starting Create list of required st... nodes for the current kernel...
[    8.076010] systemd[1]: Starting Uncomplicated firewall...
         Starting Uncomplicated firewall...
[    8.082169] systemd[1]: Reached target Swap.
[[0;32m  OK  [0m] Reached target Swap.
[    8.087118] systemd[1]: Mounting POSIX Message Queue File System...
         Mounting POSIX Message Queue File System...
[    8.092752] systemd[1]: Listening on Journal Audit Socket.
[[0;32m  OK  [0m] Listening on Journal Audit Socket.
[    8.098601] systemd[1]: Reached target Encrypted Volumes.
[[0;32m  OK  [0m] Reached target Encrypted Volumes.
[    8.104835] systemd[1]: Starting Load Kernel Modules...
         Starting Load Kernel Modules...
[    8.109913] systemd[1]: Mounting Debug File System...
         Mounting Debug File System...
[    8.121851] systemd[1]: Starting Journal Service...
         Starting Journal Service...
[    8.127792] systemd[1]: Reached target System Time Synchronized.
[    8.131019] Loading iSCSI transport class v2.0-870.
[[0;32m  OK  [0m] Reached target System Time Synchronized.
[    8.136815] systemd[1]: Listening on Device-mapper event daemon FIFOs.
[[0;32m  OK  [0m] [    8.141992] iscsi: registered transport (tcp)
Listening on Device-mapper event daemon FIFOs.
[    8.145952] systemd[1]: Listening on udev Kernel Socket.
[[0;32m  OK  [0m] Listening on udev Kernel Socket.
[    8.153655] systemd[1]: Created slice system-serial\x2dgetty.slice.
[[0;32m  OK  [0m] Created slice system-serial\x2dgetty.slice.
[    8.181270] iscsi: registered transport (iser)
[    8.187106] systemd[1]: Mounting Huge Pages File System...
         Mounting Huge Pages File System...
[    8.192041] systemd[1]: Listening on LVM2 metadata daemon socket.
[[0;32m  OK  [0m] Listening on LVM2 metadata daemon socket.
[    8.197956] systemd[1]: Starting Monitoring of LVM2 mirrors, snapshots etc. using dmeventd or progress polling...
         Starting Monitoring of LVM2 mirrors... dmeventd or progress polling...
[    8.217788] systemd[1]: Reached target User and Group Name Lookups.
[[0;32m  OK  [0m] Reached target User and Group Name Lookups.
[    8.223884] systemd[1]: Starting Remount Root and Kernel File Systems...
[    8.226484] EXT4-fs (sda1): re-mounted. Opts: (null)
         Starting Remount Root and Kernel File Systems...
[    8.233052] systemd[1]: Mounted Huge Pages File System.
[[0;32m  OK  [0m] Mounted Huge Pages File System.
[    8.238023] systemd[1]: Mounted POSIX Message Queue File System.
[[0;32m  OK  [0m] Mounted POSIX Message Queue File System.
[    8.243489] systemd[1]: Mounted Debug File System.
[[0;32m  OK  [0m] Mounted Debug File System.
[    8.248110] systemd[1]: Started Journal Service.
[[0;32m  OK  [0m] Started Journal Service.
[[0;32m  OK  [0m] Started Set console keymap.
[[0;32m  OK  [0m] Started Create list of required sta...ce nodes for the current kernel.
[[0;32m  OK  [0m] Started Uncomplicated firewall.
[[0;32m  OK  [0m] Started Load Kernel Modules.
[[0;32m  OK  [0m] Started Remount Root and Kernel File Systems.
[[0;32m  OK  [0m] Started Nameserver information manager.
[[0;32m  OK  [0m] Started LVM2 metadata daemon.
         Starting Load/Save Random Seed...
         Starting udev Coldplug all Devices...
         Mounting FUSE Control File System...
         Starting Apply Kernel Variables...
         Starting Create Static Device Nodes in /dev...
         Starting Flush Journal to Persistent Storage...
[[0;32m  OK  [0m] Mounted FUSE Control File System.
[[0;32m  OK  [0m] Started Load/Save Random Seed.
[[0;32m  OK  [0m] Started Apply Kernel Variables.
[[0;32m  OK  [0m] Started Create Static Device Nodes in /dev.
[[0;32m  OK  [0m] Started udev Coldplug all Devices.
[[0;32m  OK  [0m] Started Flush Journal to Persistent Storage.
         Starting udev Kernel Device Manager...
[[0;32m  OK  [0m] Started udev Kernel Device Manager.
[[0;32m  OK  [0m] Started Dispatch Password Requests to Console Directory Watch.
[[0;32m  OK  [0m] Found device /dev/ttyS0.
[[0;32m  OK  [0m] Listening on Load/Save RF Kill Switch Status /dev/rfkill Watch.
[[0;32m  OK  [0m] Started Monitoring of LVM2 mirrors,...ng dmeventd or progress polling.
[[0;32m  OK  [0m] Reached target Local File Systems (Pre).
[[0;32m  OK  [0m] Reached target Local File Systems.
         Starting LSB: AppArmor initialization...
         Starting Set console font and keymap...
         Starting Commit a transient machine-id on disk...
         Starting Create Volatile Files and Directories...
         Starting Tell Plymouth To Write Out Runtime Data...
         Starting Initial cloud-init job (pre-networking)...
[[0;32m  OK  [0m] Started Commit a transient machine-id on disk.
[[0;32m  OK  [0m] Started Create Volatile Files and Directories.
[[0;32m  OK  [0m] Started Tell Plymouth To Write Out Runtime Data.
         Starting Update UTMP about System Boot/Shutdown...
[[0;32m  OK  [0m] Started Update UTMP about System Boot/Shutdown.
[[0;32m  OK  [0m] Started Set console font and keymap.
[[0;32m  OK  [0m] Created slice system-getty.slice.
[   10.494792] cloud-init[654]: Cloud-init v. 18.3-9-g2e62cb8a-0ubuntu1~16.04.2 running 'init-local' at Tue, 11 Sep 2018 16:09:07 +0000. Up 10.17 seconds.
[[0;32m  OK  [0m] Started Initial cloud-init job (pre-networking).
[[0;32m  OK  [0m] Reached target Network (Pre).
[[0;32m  OK  [0m] Started LSB: AppArmor initialization.
         Starting Raise network interfaces...
[[0;32m  OK  [0m] Started Raise network interfaces.
[[0;32m  OK  [0m] Reached target Network.
         Starting Initial cloud-init job (metadata service crawler)...
[   11.715531] cloud-init[945]: Cloud-init v. 18.3-9-g2e62cb8a-0ubuntu1~16.04.2 running 'init' at Tue, 11 Sep 2018 16:09:08 +0000. Up 11.19 seconds.
[   11.720653] cloud-init[945]: ci-info: ++++++++++++++++++++++++++++++++++++++Net device info+++++++++++++++++++++++++++++++++++++++
[   11.725312] cloud-init[945]: ci-info: +--------+-------+----------------------------+---------------+--------+-------------------+
[   11.729987] cloud-init[945]: ci-info: | Device |   Up  |          Address           |      Mask     | Scope  |     Hw-Address    |
[   11.734655] cloud-init[945]: ci-info: +--------+-------+----------------------------+---------------+--------+-------------------+
[   11.739438] cloud-init[945]: ci-info: | enp0s3 |  True |         10.0.2.15          | 255.255.255.0 | global | 02:48:e1:e3:74:ed |
[   11.759760] cloud-init[945]: ci-info: | enp0s3 |  True | fe80::48:e1ff:fee3:74ed/64 |       .       |  link  | 02:48:e1:e3:74:ed |
[   11.764606] cloud-init[945]: ci-info: | enp0s8 | False |             .              |       .       |   .    | 08:00:27:61:76:d1 |
[   11.769338] cloud-init[945]: ci-info: |   lo   |  True |         127.0.0.1          |   255.0.0.0   |  host  |         .         |
[   11.774101] cloud-init[945]: ci-info: |   lo   |  True |          ::1/128           |       .       |  host  |         .         |
[   11.778924] cloud-init[945]: ci-info: +--------+-------+----------------------------+---------------+--------+-------------------+
[   11.783827] cloud-init[945]: ci-info: +++++++++++++++++++++++++++Route IPv4 info++++++++++++++++++++++++++++
[   11.788081] cloud-init[945]: ci-info: +-------+-------------+----------+---------------+-----------+-------+
[   11.792333] cloud-init[945]: ci-info: | Route | Destination | Gateway  |    Genmask    | Interface | Flags |
[   11.796475] cloud-init[945]: ci-info: +-------+-------------+----------+---------------+-----------+-------+
[   11.800565] cloud-init[945]: ci-info: |   0   |   0.0.0.0   | 10.0.2.2 |    0.0.0.0    |   enp0s3  |   UG  |
[   11.804673] cloud-init[945]: ci-info: |   1   |   10.0.2.0  | 0.0.0.0  | 255.255.255.0 |   enp0s3  |   U   |
[   11.808713] cloud-init[945]: ci-info: +-------+-------------+----------+---------------+-----------+-------+
[   11.812806] cloud-init[945]: ci-info: +++++++++++++++++++Route IPv6 info+++++++++++++++++++
[   11.813621] cloud-init[945]: ci-info: +-------+-------------+---------+-----------+-------+
[   11.814060] cloud-init[945]: ci-info: | Route | Destination | Gateway | Interface | Flags |
[   11.814455] cloud-init[945]: ci-info: +-------+-------------+---------+-----------+-------+
[   11.814920] cloud-init[945]: ci-info: |   0   |  fe80::/64  |    ::   |   enp0s3  |   U   |
[   11.815273] cloud-init[945]: ci-info: |   3   |   ff00::/8  |    ::   |   enp0s3  |   U   |
[   11.815670] cloud-init[945]: ci-info: +-------+-------------+---------+-----------+-------+
[   11.816127] cloud-init[945]: Generating public/private rsa key pair.
[   11.816480] cloud-init[945]: Your identification has been saved in /etc/ssh/ssh_host_rsa_key.
[   11.816889] cloud-init[945]: Your public key has been saved in /etc/ssh/ssh_host_rsa_key.pub.
[   11.817285] cloud-init[945]: The key fingerprint is:
[   11.817687] cloud-init[945]: SHA256:/1DnsvOAKMf0nQxZtA998XteS5H2GWODd5XXcVKKn1o root@ubuntu-xenial
[   11.818098] cloud-init[945]: The key's randomart image is:
[   11.818494] cloud-init[945]: +---[RSA 2048]----+
[   11.818906] cloud-init[945]: |            . .+B|
[   11.819300] cloud-init[945]: |           . +.+O|
[   11.819736] cloud-init[945]: |            =.oX=|
[   11.820520] cloud-init[945]: |           o ++oX|
[   11.820926] cloud-init[945]: |        S o . E++|
[   11.821323] cloud-init[945]: |       o + * *..+|
[   11.821733] cloud-init[945]: |      . + = B ...|
[   11.822130] cloud-init[945]: |       o   o.+   |
[   11.822534] cloud-init[945]: |            oo.  |
[   11.822944] cloud-init[945]: +----[SHA256]-----+
[   11.823339] cloud-init[945]: Generating public/private dsa key pair.
[   11.823774] cloud-init[945]: Your identification has been saved in /etc/ssh/ssh_host_dsa_key.
[   11.824196] cloud-init[945]: Your public key has been saved in /etc/ssh/ssh_host_dsa_key.pub.
[   11.824607] cloud-init[945]: The key fingerprint is:
[   11.825015] cloud-init[945]: SHA256:wzxxQMhT6r5tJvc+yu/Jscexx9icKDvSDfUIapdhSJg root@ubuntu-xenial
[   11.825420] cloud-init[945]: The key's randomart image is:
[   11.825837] cloud-init[945]: +---[DSA 1024]----+
[   11.826234] cloud-init[945]: |     . *+        |
[   11.826648] cloud-init[945]: |      E...       |
[   11.827048] cloud-init[945]: |      .o...      |
[   11.827452] cloud-init[945]: |     . o.o+ .    |
[   11.827896] cloud-init[945]: |      . So = o   |
[   11.828318] cloud-init[945]: |     .  oo+ o .  |
[   11.828710] cloud-init[945]: |      .. o.+ O . |
[   11.829109] cloud-init[945]: |      .+=.=+B *  |
[   11.829534] cloud-init[945]: |      .=+BX* .   |
[   11.829921] cloud-init[945]: +----[SHA256]-----+
[   11.830327] cloud-init[945]: Generating public/private ecdsa key pair.
[   11.830757] cloud-init[945]: Your identification has been saved in /etc/ssh/ssh_host_ecdsa_key.
[   11.831156] cloud-init[945]: Your public key has been saved in /etc/ssh/ssh_host_ecdsa_key.pub.
[   11.831578] cloud-init[945]: The key fingerprint is:
[   11.831972] cloud-init[945]: SHA256:lE6WKXDNbm1VIgBeONzKus4X+MX6zDg8WDsGBs0AMoQ root@ubuntu-xenial
[   11.832436] cloud-init[945]: The key's randomart image is:
[   11.832811] cloud-init[945]: +---[ECDSA 256]---+
[   11.833214] cloud-init[945]: |*o  ..o*o.. ...  |
[   11.833651] cloud-init[945]: |E..  ++.++ ...   |
[   11.834049] cloud-init[945]: |   + .o+B. .     |
[   11.834486] cloud-init[945]: |  . o o*o o      |
[   11.834884] cloud-init[945]: |   . o oS.       |
[   11.835288] cloud-init[945]: |    = o o        |
[   11.835704] cloud-init[945]: |   . B =         |
[   11.836123] cloud-init[945]: |   .o @+         |
[   11.836518] cloud-init[945]: |   .oo.=+        |
[   11.836916] cloud-init[945]: +----[SHA256]-----+
[   11.837342] cloud-init[945]: Generating public/private ed25519 key pair.
[   11.837727] cloud-init[945]: Your identification has been saved in /etc/ssh/ssh_host_ed25519_key.
[   11.838133] cloud-init[945]: Your public key has been saved in /etc/ssh/ssh_host_ed25519_key.pub.
[   11.838547] cloud-init[945]: The key fingerprint is:
[   11.838945] cloud-init[945]: SHA256:QfhZMPRo46+FNoxzukQILFOYv+fJqrVHPSnY95m8pLU root@ubuntu-xenial
[   11.839360] cloud-init[945]: The key's randomart image is:
[   11.839759] cloud-init[945]: +--[ED25519 256]--+
[   11.840214] cloud-init[945]: | o.    o=.       |
[   11.840597] cloud-init[945]: |oo    .. +.      |
[   11.841087] cloud-init[945]: |o.o    .=o.      |
[   11.841439] cloud-init[945]: | o.. . ooo       |
[   11.841833] cloud-init[945]: |   +....S        |
[   11.842269] cloud-init[945]: |  o =.=o o       |
[   11.842669] cloud-init[945]: |  .= +++Ooo      |
[   11.843071] cloud-init[945]: | . .=. O==       |
[   11.843492] cloud-init[945]: |..oo  +.E.       |
[   11.843890] cloud-init[945]: +----[SHA256]-----+
[[0;32m  OK  [0m] Started Initial cloud-init job (metadata service crawler).
[[0;32m  OK  [0m] Reached target System Initialization.
[[0;32m  OK  [0m] Listening on ACPID Listen Socket.
[[0;32m  OK  [0m] Started Daily apt download activities.
[[0;32m  OK  [0m] Started Daily Cleanup of Temporary Directories.
         Starting LXD - unix socket.
[[0;32m  OK  [0m] Started ACPI Events Check.
[[0;32m  OK  [0m] Reached target Paths.
[[0;32m  OK  [0m] Listening on UUID daemon activation socket.
[[0;32m  OK  [0m] Started Daily apt upgrade and clean activities.
[[0;32m  OK  [0m] Reached target Timers.
         Starting Socket activation for snappy daemon.
[[0;32m  OK  [0m] Listening on D-Bus System Message Bus Socket.
[[0;32m  OK  [0m] Reached target Cloud-config availability.
[[0;32m  OK  [0m] Reached target Network is Online.
         Starting iSCSI initiator daemon (iscsid)...
[[0;32m  OK  [0m] Listening on LXD - unix socket.
[[0;32m  OK  [0m] Listening on Socket activation for snappy daemon.
[[0;32m  OK  [0m] Reached target Sockets.
[[0;32m  OK  [0m] Reached target Basic System.
         Starting Virtualbox guest utils...
[[0;32m  OK  [0m] Started FUSE filesystem for LXC.
[[0;32m  OK  [0m] Started Unattended Upgrades Shutdown.
         Starting Pollinate to seed the pseudo random number generator...
         Starting Accounts Service...
         Starting System Logging Service...
[[0;32m  OK  [0m] Started D-Bus System Message Bus.
[[0;32m  OK  [0m] Started ACPI event daemon.
         Starting LSB: Record successful boot for GRUB...
         Starting /etc/rc.local Compatibility...
[[0;32m  OK  [0m] Started Deferred execution scheduler.
         Starting Snappy daemon...
         Starting LSB: MD monitoring daemon...
         Starting Login Service...
[[0;32m  OK  [0m] Started Regular background program processing daemon.
         Starting LXD - container startup/shutdown...
[[0;32m  OK  [0m] Started System Logging Service.
[[0;32m  OK  [0m] Started iSCSI initiator daemon (iscsid).
[[0;32m  OK  [0m] Started /etc/rc.local Compatibility.
         Starting Authenticate and Authorize Users to Run Privileged Tasks...
         Starting Login to default iSCSI targets...
[[0;32m  OK  [0m] Started LSB: Record successful boot for GRUB.
[[0;32m  OK  [0m] Started LSB: MD monitoring daemon.
[[0;32m  OK  [0m] Started Login Service.
[[0;32m  OK  [0m] Started Authenticate and Authorize Users to Run Privileged Tasks.
[[0;32m  OK  [0m] Started Accounts Service.
[[0;32m  OK  [0m] Started Virtualbox guest utils.
[[0;32m  OK  [0m] Started Login to default iSCSI targets.
[[0;32m  OK  [0m] Reached target Remote File Systems (Pre).
[[0;32m  OK  [0m] Reached target Remote File Systems.
         Starting LSB: daemon to balance interrupts for SMP systems...
         Starting LSB: automatic crash report generation...
         Starting LSB: Set the CPU Frequency Scaling governor to "ondemand"...
         Starting Permit User Sessions...
[[0;32m  OK  [0m] Started LXD - container startup/shutdown.
[[0;32m  OK  [0m] Started Permit User Sessions.
[[0;32m  OK  [0m] Started LSB: daemon to balance interrupts for SMP systems.
[[0;32m  OK  [0m] Started LSB: Set the CPU Frequency Scaling governor to "ondemand".
         Starting Hold until boot process finishes up...
         Starting Terminate Plymouth Boot Screen...
[[0;32m  OK  [0m] Started LSB: automatic crash report generation.
[[0;32m  OK  [0m] Started Hold until boot process finishes up.
[[0;32m  OK  [0m] Started Terminate Plymouth Boot Screen.
[[0;32m  OK  [0m] Started Snappy daemon.
         Starting Wait until snapd is fully seeded...
[[0;32m  OK  [0m] Started Serial Getty on ttyS0.
         Starting Set console scheme...
[[0;32m  OK  [0m] Started Getty on tty1.
[[0;32m  OK  [0m] Reached target Login Prompts.
[[0;32m  OK  [0m] Started Set console scheme.
[[0;32m  OK  [0m] Started Pollinate to seed the pseudo random number generator.
         Starting OpenBSD Secure Shell server...
[[0;32m  OK  [0m] Started OpenBSD Secure Shell server.
[[0;32m  OK  [0m] Started Wait until snapd is fully seeded.
[[0;32m  OK  [0m] Reached target Multi-User System.
[[0;32m  OK  [0m] Reached target Graphical Interface.
         Starting Update UTMP about System Runlevel Changes...
         Starting Apply the settings specified in cloud-config...
[[0;32m  OK  [0m] Started Update UTMP about System Runlevel Changes.
[   17.702350] cloud-init[1262]: Generating locales (this might take a while)...

Ubuntu 16.04.5 LTS ubuntu-xenial ttyS0

ubuntu-xenial login: [   19.054263] cloud-init[1262]:   en_US.UTF-8... done
[   19.057096] cloud-init[1262]: Generation complete.
[   19.350029] cloud-init[1262]: Cloud-init v. 18.3-9-g2e62cb8a-0ubuntu1~16.04.2 running 'modules:config' at Tue, 11 Sep 2018 16:09:14 +0000. Up 17.54 seconds.
ci-info: no authorized ssh keys fingerprints found for user ubuntu.
<14>Sep 11 16:09:17 ec2: 
<14>Sep 11 16:09:17 ec2: #############################################################
<14>Sep 11 16:09:17 ec2: -----BEGIN SSH HOST KEY FINGERPRINTS-----
<14>Sep 11 16:09:17 ec2: 1024 SHA256:wzxxQMhT6r5tJvc+yu/Jscexx9icKDvSDfUIapdhSJg root@ubuntu-xenial (DSA)
<14>Sep 11 16:09:17 ec2: 256 SHA256:lE6WKXDNbm1VIgBeONzKus4X+MX6zDg8WDsGBs0AMoQ root@ubuntu-xenial (ECDSA)
<14>Sep 11 16:09:17 ec2: 256 SHA256:QfhZMPRo46+FNoxzukQILFOYv+fJqrVHPSnY95m8pLU root@ubuntu-xenial (ED25519)
<14>Sep 11 16:09:17 ec2: 2048 SHA256:/1DnsvOAKMf0nQxZtA998XteS5H2GWODd5XXcVKKn1o root@ubuntu-xenial (RSA)
<14>Sep 11 16:09:17 ec2: -----END SSH HOST KEY FINGERPRINTS-----
<14>Sep 11 16:09:17 ec2: #############################################################
-----BEGIN SSH HOST KEY KEYS-----
ecdsa-sha2-nistp256 AAAAE2VjZHNhLXNoYTItbmlzdHAyNTYAAAAIbmlzdHAyNTYAAABBBGWpjjNvkeougNBbJNXLRC8TBwAkP3qUavL+ToEdq0WCIO6k7IUD4mAXSccp5Vb/m5QTy4LWWQ4HHcj8KPbx0pU= root@ubuntu-xenial
ssh-ed25519 AAAAC3NzaC1lZDI1NTE5AAAAIAVgxBYgXQdeCyAe2hjuCF6Yv77V8TeY/rp1fc0gQ3HR root@ubuntu-xenial
ssh-rsa AAAAB3NzaC1yc2EAAAADAQABAAABAQDpV+fHw7z8oM6It5Ko8j3ZPCwwLP1pm98O8gkBokdvv4mgs4FCls3p7pCFfhfq8LYlRFCmAjVGXyIbAWaNEPnMyEGD91gmrDLC5kssR+9E7s28fvRYgG+53607oZnVcou2whbOyz+6wTA82fXnph7FokcYakshkwZdDEwTAA91Uzpyfv9/EWfr/p2uMmM4bsAAHZ+Uj3Ev9scYe+1x3QGJ2J/5Vq7QCDGHrnWI561KgpP3KMTxw4rz6dNiMI20VxFg+oOz81AA2l0dyoJkF9GjxMlV7FFC2alaZ8stPee5NFSAx7Pazn69bDoOkHmM1WxWNca7iNtk/wu0njm+jYKR root@ubuntu-xenial
-----END SSH HOST KEY KEYS-----
[   19.823765] cloud-init[1378]: Cloud-init v. 18.3-9-g2e62cb8a-0ubuntu1~16.04.2 running 'modules:final' at Tue, 11 Sep 2018 16:09:17 +0000. Up 19.64 seconds.
[   19.823848] cloud-init[1378]: ci-info: no authorized ssh keys fingerprints found for user ubuntu.
[   19.824673] cloud-init[1378]: Cloud-init v. 18.3-9-g2e62cb8a-0ubuntu1~16.04.2 finished at Tue, 11 Sep 2018 16:09:17 +0000. Datasource DataSourceNoCloud [seed=/dev/sdb][dsmode=net].  Up 19.78 seconds
